// Jest Snapshot v1, https://goo.gl/fbAQLP

exports[`FooterContainer renders correctly 1`] = `
<footerStyles>
  <Grid
    columns={3}
  >
    <GridColumn>
      <text
        color="#FFF"
        fontSize="54px"
      >
        Driving forces: 
        0
      </text>
    </GridColumn>
    <GridColumn
      textAlign="center"
    >
      <text
        color="#FFF"
        fontSize="24px"
      >
        Create forces to start the analysis!
      </text>
    </GridColumn>
    <GridColumn
      textAlign="right"
    >
      <text
        color="#FFF"
        fontSize="54px"
      >
        Hindering forces: 
        0
      </text>
    </GridColumn>
  </Grid>
</footerStyles>
`;
