// Jest Snapshot v1, https://goo.gl/fbAQLP

exports[`Header renders correctly 1`] = `
<boxStyles
  height="60px"
  paddingTop="16px"
  position="relative"
  textAlign="center"
>
  <text
    fontSize="24px"
  >
    Force Field Analysis Tool
  </text>
  <text
    clickable={true}
    onClick={[Function]}
    position="absolute"
    right="20px"
  >
    About
  </text>
</boxStyles>
`;
